message-key:
    color: green
    text: outside
    extra: 
    - color: yellow
      text: inner1
      extra: []
    - color: blue
      text: inner2
      extra:
      - color: red
        text: level2 text
        extra: []
    conditionalElem:
        color: orange
        text: orange extension
        extra: []
        conditionals:
            low:
                color: white
                text: low text
                extra: []
                conditionals: {}
            med:
                color: gray
                text: med text
                extra: 
                - color: green
                  text: med child
                  extra: []
                conditionals: {}
            high:
                color: black
                text: high text
                extra: []
                conditionalElem:
                    color: teal
                    text: teal addition
                    extra: []
                    conditionals: {}
                    italic: false
                    bold: true
                conditionals: {}